Microchip MPLAB XC8 Compiler V1.45 ()

Linker command line:

-W-3 --edf=C:\Program Files (x86)\Microchip\xc8\v1.45\dat\en_msgs.txt -cs \
  -h+dist/default/production\HeaterCooler.X.production.sym \
  --cmf=dist/default/production\HeaterCooler.X.production.cmf -z -Q18F4620 \
  -oC:\Users\HP\AppData\Local\Temp\s6ds.2 \
  -Mdist/default/production/HeaterCooler.X.production.map -E1 -ver=XC8 \
  --acfsm=1493 -ASTACK=015Fh-0f7fh -pstack=STACK -ACODE=00h-0FFFFh \
  -ACONST=00h-0FFFFh -ASMALLCONST=01000h-010FFhx240 \
  -AMEDIUMCONST=01000h-0FFFFh -ACOMRAM=01h-07Fh -AABS1=00h-0F7Fh \
  -ABIGRAM=01h-0F7Fh -ARAM=080h-0FFh,0100h-01FFhx14,0F00h-0F7Fh \
  -ABANK0=080h-0FFh -ABANK1=0100h-01FFh -ABANK2=0200h-02FFh \
  -ABANK3=0300h-03FFh -ABANK4=0400h-04FFh -ABANK5=0500h-05FFh \
  -ABANK6=0600h-06FFh -ABANK7=0700h-07FFh -ABANK8=0800h-08FFh \
  -ABANK9=0900h-09FFh -ABANK10=0A00h-0AFFh -ABANK11=0B00h-0BFFh \
  -ABANK12=0C00h-0CFFh -ABANK13=0D00h-0DFFh -ABANK14=0E00h-0EFFh \
  -ABANK15=0F00h-0F7Fh -ASFR=0F80h-0FFFh \
  -preset_vec=00h,intcode=08h,intcodelo,powerup,init -pramtop=01000h \
  -psmallconst=SMALLCONST -pmediumconst=MEDIUMCONST -pconst=CONST \
  -AFARRAM=00h-00h -ACONFIG=0300000h-030000Dh -pconfig=CONFIG \
  -AIDLOC=0200000h-0200007h -pidloc=IDLOC -AEEDATA=0F00000h-0F003FFh \
  -peeprom_data=EEDATA \
  -prdata=COMRAM,nvrram=COMRAM,nvbit=COMRAM,rbss=COMRAM,rbit=COMRAM \
  -pfarbss=FARRAM,fardata=FARRAM,nvFARRAM=FARRAM \
  -pintsave_regs=BIGRAM,bigbss=BIGRAM,bigdata=BIGRAM -pbss=RAM \
  -pidata=CODE,irdata=CODE,ibigdata=CODE,ifardata=CODE -prparam=COMRAM \
  C:\Users\HP\AppData\Local\Temp\s6ds.obj \
  dist/default/production\HeaterCooler.X.production.obj 

Object code version is 3.11

Machine type is 18F4620

Call graph: (short form)




                Name                               Link     Load   Length Selector   Space Scale
C:\Users\HP\AppData\Local\Temp\s6ds.obj
                init                                  E        E        4        4       0
                reset_vec                             0        0        4        0       0
                idloc                            200000   200000        8   200000       0
                config                           300000   300000        E   300000       0
dist/default/production\HeaterCooler.X.production.obj
                intcode                               8        8        6        4       0
                temp                                 62       62        1        1       1
                mediumconst                        FEDA     FEDA      126     7F6D       0
                text42                             3EEC     3EEC       D8        4       0
                text41                             439A     439A       84        4       0
                text40                             4880     4880        C        4       0
                intcode_body                       2EFC     2EFC      378        4       0
                text38                             47C6     47C6       2C        4       0
                text37                             4874     4874        C        4       0
                text36                             4858     4858       10        4       0
                text35                             4764     4764       34        4       0
                text34                             472E     472E       36        4       0
                text33                             463A     463A       42        4       0
                text32                             481C     481C       22        4       0
                text31                             4546     4546       58        4       0
                text30                             4148     4148       A8        4       0
                text29                             448C     448C       62        4       0
                text28                             441E     441E       6E        4       0
                text27                             46F6     46F6       38        4       0
                text26                             3E14     3E14       D8        4       0
                text25                             4316     4316       84        4       0
                text24                             2ADE     2ADE      41E        4       0
                text23                             47F2     47F2       2A        4       0
                text22                             352A     352A      1E6        4       0
                text21                             459E     459E       50        4       0
                text20                             428C     428C       8A        4       0
                text19                             4868     4868        C        4       0
                text18                             1C4C     1C4C      588        4       0
                text17                             2670     2670      46E        4       0
                text16                             3BD4     3BD4      154        4       0
                text15                             4798     4798       2E        4       0
                text14                             3FC4     3FC4       CC        4       0
                text13                             483E     483E       1A        4       0
                text12                             3A6A     3A6A      16A        4       0
                text11                             467C     467C       40        4       0
                text10                             45EE     45EE       4C        4       0
                text9                              4090     4090       B8        4       0
                text8                              41F0     41F0       9C        4       0
                text7                              38BE     38BE      1AC        4       0
                text6                              3710     3710      1AE        4       0
                text5                              3D28     3D28       EC        4       0
                text4                              3274     3274      2B6        4       0
                text3                              46BC     46BC       3A        4       0
                text2                              21D4     21D4      49C        4       0
                text1                                12       12      ED2        4       0
                text0                               EE4      EE4      D68        4       0
                cstackCOMRAM                          1        1       53        1       1
                cstackBANK0                          80       80       49       80       1
                cstackBANK1                         100      100       4F      100       1
                dataBANK1                           15E      15E        1      100       1
                bssBANK1                            14F      14F        F      100       1
                dataCOMRAM                           5E       5E        4        1       1
                bssCOMRAM                            54       54        A        1       1
                cinit                              44EE     44EE       58        4       0
                idataBANK1                         4890     4890        1        4       0
                idataCOMRAM                        488C     488C        4        4       0

TOTAL           Name                               Link     Load   Length     Space
        CLASS   STACK          

        CLASS   CODE           
                intcode                               8        8        6         0
                init                                  E        E        4         0
                reset_vec                             0        0        4         0
                text42                             3EEC     3EEC       D8         0
                text41                             439A     439A       84         0
                text40                             4880     4880        C         0
                intcode_body                       2EFC     2EFC      378         0
                text38                             47C6     47C6       2C         0
                text37                             4874     4874        C         0
                text36                             4858     4858       10         0
                text35                             4764     4764       34         0
                text34                             472E     472E       36         0
                text33                             463A     463A       42         0
                text32                             481C     481C       22         0
                text31                             4546     4546       58         0
                text30                             4148     4148       A8         0
                text29                             448C     448C       62         0
                text28                             441E     441E       6E         0
                text27                             46F6     46F6       38         0
                text26                             3E14     3E14       D8         0
                text25                             4316     4316       84         0
                text24                             2ADE     2ADE      41E         0
                text23                             47F2     47F2       2A         0
                text22                             352A     352A      1E6         0
                text21                             459E     459E       50         0
                text20                             428C     428C       8A         0
                text19                             4868     4868        C         0
                text18                             1C4C     1C4C      588         0
                text17                             2670     2670      46E         0
                text16                             3BD4     3BD4      154         0
                text15                             4798     4798       2E         0
                text14                             3FC4     3FC4       CC         0
                text13                             483E     483E       1A         0
                text12                             3A6A     3A6A      16A         0
                text11                             467C     467C       40         0
                text10                             45EE     45EE       4C         0
                text9                              4090     4090       B8         0
                text8                              41F0     41F0       9C         0
                text7                              38BE     38BE      1AC         0
                text6                              3710     3710      1AE         0
                text5                              3D28     3D28       EC         0
                text4                              3274     3274      2B6         0
                text3                              46BC     46BC       3A         0
                text2                              21D4     21D4      49C         0
                text1                                12       12      ED2         0
                text0                               EE4      EE4      D68         0
                cinit                              44EE     44EE       58         0
                idataBANK1                         4890     4890        1         0
                idataCOMRAM                        488C     488C        4         0

        CLASS   CONST          

        CLASS   SMALLCONST     

        CLASS   MEDIUMCONST    
                mediumconst                        FEDA     FEDA      126         0

        CLASS   COMRAM         
                temp                                 62       62        1         1
                cstackCOMRAM                          1        1       53         1
                dataCOMRAM                           5E       5E        4         1
                bssCOMRAM                            54       54        A         1

        CLASS   ABS1           

        CLASS   BIGRAM         

        CLASS   RAM            

        CLASS   BANK0          
                cstackBANK0                          80       80       49         1

        CLASS   BANK1          
                cstackBANK1                         100      100       4F         1
                dataBANK1                           15E      15E        1         1
                bssBANK1                            14F      14F        F         1

        CLASS   BANK2          

        CLASS   BANK3          

        CLASS   BANK4          

        CLASS   BANK5          

        CLASS   BANK6          

        CLASS   BANK7          

        CLASS   BANK8          

        CLASS   BANK9          

        CLASS   BANK10         

        CLASS   BANK11         

        CLASS   BANK12         

        CLASS   BANK13         

        CLASS   BANK14         

        CLASS   BANK15         

        CLASS   SFR            

        CLASS   FARRAM         

        CLASS   CONFIG         
                config                           300000   300000        E         0

        CLASS   IDLOC          
                idloc                            200000   200000        8         0

        CLASS   EEDATA         



SEGMENTS        Name                           Load    Length   Top    Selector   Space  Class

                reset_vec                      000000  000004  000004         0       0  CODE    
                cstackCOMRAM                   000001  000062  000063         1       1  COMRAM  
                intcode                        000008  004889  004891         4       0  CODE    
                cstackBANK0                    000080  000049  0000C9        80       1  BANK0   
                cstackBANK1                    000100  00005F  00015F       100       1  BANK1   
                mediumconst                    00FEDA  000126  010000      7F6D       0  MEDIUMCO
                idloc                          200000  000008  200008    200000       0  IDLOC   
                config                         300000  00000E  30000E    300000       0  CONFIG  


UNUSED ADDRESS RANGES

        Name                Unused          Largest block    Delta
        BANK0            0000C9-0000FF               37
        BANK1            00015F-0001FF               A1
        BANK10           000A00-000AFF              100
        BANK11           000B00-000BFF              100
        BANK12           000C00-000CFF              100
        BANK13           000D00-000DFF              100
        BANK14           000E00-000EFF              100
        BANK15           000F00-000F7F               80
        BANK2            000200-0002FF              100
        BANK3            000300-0003FF              100
        BANK4            000400-0004FF              100
        BANK5            000500-0005FF              100
        BANK6            000600-0006FF              100
        BANK7            000700-0007FF              100
        BANK8            000800-0008FF              100
        BANK9            000900-0009FF              100
        BIGRAM           000063-00007F               1D
                         0000C9-0000FF               37
                         00015F-000F7F              E21
        CODE             000004-000007                4
                         004891-00FED9             B649
        COMRAM           000063-00007F               1D
        CONST            000004-000007                4
                         004891-00FED9             B649
        EEDATA           F00000-F003FF              400
        MEDIUMCONST      004891-00FED9             B649
        RAM              0000C9-0000FF               37
                         00015F-000F7F              100
        SFR              000F80-000FFF               80
        SMALLCONST       004891-00FED9              100
        STACK            00015F-000F7F              E21

                                  Symbol Table

?___awdiv                     cstackCOMRAM 000024
?___awmod                     cstackCOMRAM 00001E
?___fladd                     cstackBANK0  000080
?___fldiv                     cstackCOMRAM 000045
?___flmul                     cstackCOMRAM 00002C
?___flneg                     cstackCOMRAM 000032
?___flsub                     cstackBANK0  000094
?___fltol                     cstackBANK0  000094
?___lldiv                     cstackCOMRAM 00001E
?___llmod                     cstackCOMRAM 00002B
?___wmul                      cstackCOMRAM 00001E
?___xxtofl                    cstackCOMRAM 000024
?__div_to_l_                  cstackCOMRAM 00001E
?__tdiv_to_l_                 cstackCOMRAM 00001E
?_fround                      cstackCOMRAM 000045
?_read_adc_raw_no_lib         cstackCOMRAM 00001E
?_read_adc_voltage            cstackBANK0  00008D
?_scale                       cstackCOMRAM 000045
?_sprintf                     cstackBANK0  0000A0
?i2___awmod                   cstackCOMRAM 000001
_ADCON0                       (abs)        000FC2
_ADCON0bits                   (abs)        000FC2
_ADCON1                       (abs)        000FC1
_ADCON2                       (abs)        000FC0
_ADRESH                       (abs)        000FC4
_ADRESL                       (abs)        000FC3
_CCP1CON                      (abs)        000FBD
_CCP1CONbits                  (abs)        000FBD
_CCPR1L                       (abs)        000FBE
_HS                           bssCOMRAM    000054
_INTCON                       (abs)        000FF2
_INTCON2                      (abs)        000FF1
_INTCON3                      (abs)        000FF0
_INTCON3bits                  (abs)        000FF0
_INTCONbits                   (abs)        000FF2
_LCD_INIT_STRING              dataCOMRAM   00005E
_PIE2                         (abs)        000FA0
_PIE2bits                     (abs)        000FA0
_PIR1                         (abs)        000F9E
_PIR2                         (abs)        000FA1
_PIR2bits                     (abs)        000FA1
_PORTCbits                    (abs)        000F82
_PORTEbits                    (abs)        000F84
_PR2                          (abs)        000FCB
_RC2                          (abs)        007C12
_RCONbits                     (abs)        000FD0
_RPS_count                    bssBANK1     00015B
_T0CON                        (abs)        000FD5
_T0CONbits                    (abs)        000FD5
_T1CONbits                    (abs)        000FCD
_T2CON                        (abs)        000FCA
_T2CONbits                    (abs)        000FCA
_T3CON                        (abs)        000FB1
_T3CONbits                    (abs)        000FB1
_TMR0H                        (abs)        000FD7
_TMR0L                        (abs)        000FD6
_TMR1H                        (abs)        000FCF
_TMR1L                        (abs)        000FCE
_TMR3H                        (abs)        000FB3
_TMR3L                        (abs)        000FB2
_TRISA                        (abs)        000F92
_TRISB                        (abs)        000F93
_TRISC                        (abs)        000F94
_TRISCbits                    (abs)        000F94
_TRISD                        (abs)        000F95
_TRISE                        (abs)        000F96
__CFG_BOREN$SBORDIS           (abs)        000000
__CFG_BORV$3                  (abs)        000000
__CFG_CCP2MX$PORTC            (abs)        000000
__CFG_CP0$OFF                 (abs)        000000
__CFG_CP1$OFF                 (abs)        000000
__CFG_CP2$OFF                 (abs)        000000
__CFG_CP3$OFF                 (abs)        000000
__CFG_CPB$OFF                 (abs)        000000
__CFG_CPD$OFF                 (abs)        000000
__CFG_EBTR0$OFF               (abs)        000000
__CFG_EBTR1$OFF               (abs)        000000
__CFG_EBTR2$OFF               (abs)        000000
__CFG_EBTR3$OFF               (abs)        000000
__CFG_EBTRB$OFF               (abs)        000000
__CFG_FCMEN$OFF               (abs)        000000
__CFG_IESO$OFF                (abs)        000000
__CFG_LPT1OSC$OFF             (abs)        000000
__CFG_LVP$ON                  (abs)        000000
__CFG_MCLRE$ON                (abs)        000000
__CFG_OSC$XT                  (abs)        000000
__CFG_PBADEN$ON               (abs)        000000
__CFG_PWRT$OFF                (abs)        000000
__CFG_STVREN$ON               (abs)        000000
__CFG_WDT$ON                  (abs)        000000
__CFG_WDTPS$32768             (abs)        000000
__CFG_WRT0$OFF                (abs)        000000
__CFG_WRT1$OFF                (abs)        000000
__CFG_WRT2$OFF                (abs)        000000
__CFG_WRT3$OFF                (abs)        000000
__CFG_WRTB$OFF                (abs)        000000
__CFG_WRTC$OFF                (abs)        000000
__CFG_WRTD$OFF                (abs)        000000
__CFG_XINST$OFF               (abs)        000000
__HRAM                        (abs)        000000
__Habs1                       abs1         000000
__Hbank0                      bank0        000000
__Hbank1                      bank1        000000
__Hbank10                     bank10       000000
__Hbank11                     bank11       000000
__Hbank12                     bank12       000000
__Hbank13                     bank13       000000
__Hbank14                     bank14       000000
__Hbank15                     bank15       000000
__Hbank2                      bank2        000000
__Hbank3                      bank3        000000
__Hbank4                      bank4        000000
__Hbank5                      bank5        000000
__Hbank6                      bank6        000000
__Hbank7                      bank7        000000
__Hbank8                      bank8        000000
__Hbank9                      bank9        000000
__Hbigbss                     bigbss       000000
__Hbigdata                    bigdata      000000
__Hbigram                     bigram       000000
__Hbss                        bss          000000
__HbssBANK1                   bssBANK1     000000
__HbssCOMRAM                  bssCOMRAM    000000
__Hcinit                      cinit        000000
__Hclrtext                    clrtext      000000
__Hcomram                     comram       000000
__Hconfig                     config       30000E
__Hconst                      const        000000
__HcstackBANK0                cstackBANK0  000000
__HcstackBANK1                cstackBANK1  000000
__HcstackCOMRAM               cstackCOMRAM 000000
__Hdata                       data         000000
__HdataBANK1                  dataBANK1    000000
__HdataCOMRAM                 dataCOMRAM   000000
__Heeprom_data                eeprom_data  000000
__Hfarbss                     farbss       000000
__Hfardata                    fardata      000000
__Hibigdata                   ibigdata     000000
__Hidata                      idata        000000
__HidataBANK1                 idataBANK1   000000
__HidataCOMRAM                idataCOMRAM  000000
__Hidloc                      idloc        200008
__Hifardata                   ifardata     000000
__Hinit                       init         000012
__Hintcode                    intcode      00000E
__Hintcode_body               intcode_body 000000
__Hintcodelo                  intcodelo    00000E
__Hintentry                   intentry     000000
__Hintret                     intret       000000
__Hintsave_regs               intsave_regs 000000
__Hirdata                     irdata       000000
__Hmediumconst                mediumconst  010000
__HnvFARRAM                   nvFARRAM     000000
__Hnvbit                      nvbit        000000
__Hnvrram                     nvrram       000000
__Hparam                      rparam       000000
__Hpowerup                    powerup      00000E
__Hram                        ram          000000
__Hramtop                     ramtop       001000
__Hrbit                       rbit         000000
__Hrbss                       rbss         000000
__Hrdata                      rdata        000000
__Hreset_vec                  reset_vec    000004
__Hrparam                     rparam       000000
__Hsfr                        sfr          000000
__Hsmallconst                 smallconst   000000
__Hspace_0                    (abs)        30000E
__Hspace_1                    (abs)        00015F
__Hspace_2                    (abs)        000000
__Hstack                      stack        000000
__Hstruct                     struct       000000
__Htemp                       temp         000063
__Htext                       text         000000
__Htext0                      text0        000000
__Htext1                      text1        000000
__Htext10                     text10       000000
__Htext11                     text11       000000
__Htext12                     text12       000000
__Htext13                     text13       000000
__Htext14                     text14       000000
__Htext15                     text15       000000
__Htext16                     text16       000000
__Htext17                     text17       000000
__Htext18                     text18       000000
__Htext19                     text19       000000
__Htext2                      text2        000000
__Htext20                     text20       000000
__Htext21                     text21       000000
__Htext22                     text22       000000
__Htext23                     text23       000000
__Htext24                     text24       000000
__Htext25                     text25       000000
__Htext26                     text26       000000
__Htext27                     text27       000000
__Htext28                     text28       000000
__Htext29                     text29       000000
__Htext3                      text3        000000
__Htext30                     text30       000000
__Htext31                     text31       000000
__Htext32                     text32       000000
__Htext33                     text33       000000
__Htext34                     text34       000000
__Htext35                     text35       000000
__Htext36                     text36       000000
__Htext37                     text37       000000
__Htext38                     text38       000000
__Htext4                      text4        000000
__Htext40                     text40       000000
__Htext41                     text41       000000
__Htext42                     text42       000000
__Htext5                      text5        000000
__Htext6                      text6        000000
__Htext7                      text7        000000
__Htext8                      text8        000000
__Htext9                      text9        000000
__LRAM                        (abs)        000001
__Labs1                       abs1         000000
__Lbank0                      bank0        000000
__Lbank1                      bank1        000000
__Lbank10                     bank10       000000
__Lbank11                     bank11       000000
__Lbank12                     bank12       000000
__Lbank13                     bank13       000000
__Lbank14                     bank14       000000
__Lbank15                     bank15       000000
__Lbank2                      bank2        000000
__Lbank3                      bank3        000000
__Lbank4                      bank4        000000
__Lbank5                      bank5        000000
__Lbank6                      bank6        000000
__Lbank7                      bank7        000000
__Lbank8                      bank8        000000
__Lbank9                      bank9        000000
__Lbigbss                     bigbss       000000
__Lbigdata                    bigdata      000000
__Lbigram                     bigram       000000
__Lbss                        bss          000000
__LbssBANK1                   bssBANK1     000000
__LbssCOMRAM                  bssCOMRAM    000000
__Lcinit                      cinit        000000
__Lclrtext                    clrtext      000000
__Lcomram                     comram       000000
__Lconfig                     config       300000
__Lconst                      const        000000
__LcstackBANK0                cstackBANK0  000000
__LcstackBANK1                cstackBANK1  000000
__LcstackCOMRAM               cstackCOMRAM 000000
__Ldata                       data         000000
__LdataBANK1                  dataBANK1    000000
__LdataCOMRAM                 dataCOMRAM   000000
__Leeprom_data                eeprom_data  000000
__Lfarbss                     farbss       000000
__Lfardata                    fardata      000000
__Libigdata                   ibigdata     000000
__Lidata                      idata        000000
__LidataBANK1                 idataBANK1   000000
__LidataCOMRAM                idataCOMRAM  000000
__Lidloc                      idloc        200000
__Lifardata                   ifardata     000000
__Linit                       init         00000E
__Lintcode                    intcode      000008
__Lintcode_body               intcode_body 000000
__Lintcodelo                  intcodelo    00000E
__Lintentry                   intentry     000000
__Lintret                     intret       000000
__Lintsave_regs               intsave_regs 000000
__Lirdata                     irdata       000000
__Lmediumconst                mediumconst  00FEDA
__LnvFARRAM                   nvFARRAM     000000
__Lnvbit                      nvbit        000000
__Lnvrram                     nvrram       000000
__Lparam                      rparam       000000
__Lpowerup                    powerup      00000E
__Lram                        ram          000000
__Lramtop                     ramtop       001000
__Lrbit                       rbit         000000
__Lrbss                       rbss         000000
__Lrdata                      rdata        000000
__Lreset_vec                  reset_vec    000000
__Lrparam                     rparam       000000
__Lsfr                        sfr          000000
__Lsmallconst                 smallconst   000000
__Lspace_0                    (abs)        000000
__Lspace_1                    (abs)        000000
__Lspace_2                    (abs)        000000
__Lstack                      stack        000000
__Lstruct                     struct       000000
__Ltemp                       temp         000062
__Ltext                       text         000000
__Ltext0                      text0        000000
__Ltext1                      text1        000000
__Ltext10                     text10       000000
__Ltext11                     text11       000000
__Ltext12                     text12       000000
__Ltext13                     text13       000000
__Ltext14                     text14       000000
__Ltext15                     text15       000000
__Ltext16                     text16       000000
__Ltext17                     text17       000000
__Ltext18                     text18       000000
__Ltext19                     text19       000000
__Ltext2                      text2        000000
__Ltext20                     text20       000000
__Ltext21                     text21       000000
__Ltext22                     text22       000000
__Ltext23                     text23       000000
__Ltext24                     text24       000000
__Ltext25                     text25       000000
__Ltext26                     text26       000000
__Ltext27                     text27       000000
__Ltext28                     text28       000000
__Ltext29                     text29       000000
__Ltext3                      text3        000000
__Ltext30                     text30       000000
__Ltext31                     text31       000000
__Ltext32                     text32       000000
__Ltext33                     text33       000000
__Ltext34                     text34       000000
__Ltext35                     text35       000000
__Ltext36                     text36       000000
__Ltext37                     text37       000000
__Ltext38                     text38       000000
__Ltext4                      text4        000000
__Ltext40                     text40       000000
__Ltext41                     text41       000000
__Ltext42                     text42       000000
__Ltext5                      text5        000000
__Ltext6                      text6        000000
__Ltext7                      text7        000000
__Ltext8                      text8        000000
__Ltext9                      text9        000000
__S0                          (abs)        30000E
__S1                          (abs)        00015F
__S2                          (abs)        000000
___awdiv                      text5        003D28
___awdiv@counter              cstackCOMRAM 000028
___awdiv@dividend             cstackCOMRAM 000024
___awdiv@divisor              cstackCOMRAM 000026
___awdiv@quotient             cstackCOMRAM 00002A
___awdiv@sign                 cstackCOMRAM 000029
___awmod                      text26       003E14
___awmod@counter              cstackCOMRAM 000022
___awmod@dividend             cstackCOMRAM 00001E
___awmod@divisor              cstackCOMRAM 000020
___awmod@sign                 cstackCOMRAM 000023
___fladd                      text18       001C4C
___fladd@a                    cstackBANK0  000084
___fladd@aexp                 cstackBANK0  000091
___fladd@b                    cstackBANK0  000080
___fladd@bexp                 cstackBANK0  000092
___fladd@grs                  cstackBANK0  000093
___fladd@signs                cstackBANK0  000090
___fldiv                      text24       002ADE
___fldiv@a                    cstackCOMRAM 000049
___fldiv@aexp                 cstackBANK0  00008C
___fldiv@b                    cstackCOMRAM 000045
___fldiv@bexp                 cstackBANK0  00008B
___fldiv@grs                  cstackBANK0  000087
___fldiv@new_exp              cstackBANK0  000085
___fldiv@rem                  cstackBANK0  000081
___fldiv@sign                 cstackBANK0  000080
___flge                       text12       003A6A
___flge@ff1                   cstackBANK0  000094
___flge@ff2                   cstackBANK0  000098
___flmul                      text17       002670
___flmul@a                    cstackCOMRAM 000030
___flmul@aexp                 cstackCOMRAM 00003D
___flmul@b                    cstackCOMRAM 00002C
___flmul@bexp                 cstackCOMRAM 00003E
___flmul@grs                  cstackCOMRAM 000039
___flmul@prod                 cstackCOMRAM 00003F
___flmul@sign                 cstackCOMRAM 000038
___flmul@temp                 cstackCOMRAM 000043
___flneg                      text11       00467C
___flneg@f1                   cstackCOMRAM 000032
___flsub                      text10       0045EE
___flsub@a                    cstackBANK0  000098
___flsub@b                    cstackBANK0  000094
___fltol                      text16       003BD4
___fltol@exp1                 cstackCOMRAM 000053
___fltol@f1                   cstackBANK0  000094
___fltol@sign1                cstackCOMRAM 000052
___inthi_sp                   stack        000000
___intlo_sp                   stack        000000
___lldiv                      text9        004090
___lldiv@counter              cstackCOMRAM 00002A
___lldiv@dividend             cstackCOMRAM 00001E
___lldiv@divisor              cstackCOMRAM 000022
___lldiv@quotient             cstackCOMRAM 000026
___llmod                      text8        0041F0
___llmod@counter              cstackCOMRAM 000033
___llmod@dividend             cstackCOMRAM 00002B
___llmod@divisor              cstackCOMRAM 00002F
___param_bank                 (abs)        000000
___rparam_used                (abs)        000001
___sp                         stack        000000
___wmul                       text23       0047F2
___wmul@multiplicand          cstackCOMRAM 000020
___wmul@multiplier            cstackCOMRAM 00001E
___wmul@product               cstackCOMRAM 000022
___xxtofl                     text22       00352A
___xxtofl@arg                 cstackCOMRAM 00002E
___xxtofl@exp                 cstackCOMRAM 00002D
___xxtofl@sign                cstackCOMRAM 00002C
___xxtofl@val                 cstackCOMRAM 000024
__accesstop                   (abs)        000080
__activetblptr                (abs)        000002
__div_to_l_                   text7        0038BE
__div_to_l_@cntr              cstackCOMRAM 00002A
__div_to_l_@exp1              cstackCOMRAM 00002B
__div_to_l_@f1                cstackCOMRAM 00001E
__div_to_l_@f2                cstackCOMRAM 000022
__div_to_l_@quot              cstackCOMRAM 000026
__end_of___awdiv              text5        003E14
__end_of___awmod              text26       003EEC
__end_of___fladd              text18       0021D4
__end_of___fldiv              text24       002EFC
__end_of___flge               text12       003BD4
__end_of___flmul              text17       002ADE
__end_of___flneg              text11       0046BC
__end_of___flsub              text10       00463A
__end_of___fltol              text16       003D28
__end_of___lldiv              text9        004148
__end_of___llmod              text8        00428C
__end_of___wmul               text23       00481C
__end_of___xxtofl             text22       003710
__end_of__div_to_l_           text7        003A6A
__end_of__initialization      cinit        004538
__end_of__npowers_            mediumconst  00FF43
__end_of__powers_             mediumconst  00FF0F
__end_of__tdiv_to_l_          text6        0038BE
__end_of_delay_cycles         text33       00467C
__end_of_delay_ms             text34       004764
__end_of_dpowers              mediumconst  00FF6B
__end_of_fround               text4        00352A
__end_of_highIsr              intcode_body 003274
__end_of_initTimers01         text38       0047F2
__end_of_init_adc_no_lib      text37       004880
__end_of_init_pwm1            text36       004868
__end_of_initialization       text35       004798
__end_of_isdigit              text3        0046F6
__end_of_lcd_gotoxy           text29       0044EE
__end_of_lcd_init             text30       0041F0
__end_of_lcd_putc             text28       00448C
__end_of_lcd_puts             text27       00472E
__end_of_lcd_send_byte        text31       00459E
__end_of_lcd_send_nibble      text32       00483E
__end_of_main                 text0        001C4C
__end_of_pwd_Timer3           text25       00439A
__end_of_read_adc_raw_no_lib  text21       0045EE
__end_of_read_adc_voltage     text20       004316
__end_of_reloadTimer3         text19       004874
__end_of_scale                text2        002670
__end_of_set_pwm1_percent     text14       004090
__end_of_set_pwm1_raw         text15       0047C6
__end_of_setupPorts           text13       004858
__end_of_sprintf              text1        000EE4
__end_ofi2___awmod            text42       003FC4
__end_ofi2_pwd_Timer3         text41       00441E
__end_ofi2_reloadTimer3       text40       00488C
__initialization              cinit        0044EE
__mediumconst                 mediumconst  00FEDA
__npowers_                    mediumconst  00FF0F
__pbssBANK1                   bssBANK1     00014F
__pbssCOMRAM                  bssCOMRAM    000054
__pcinit                      cinit        0044EE
__pcstackBANK0                cstackBANK0  000080
__pcstackBANK1                cstackBANK1  000100
__pcstackCOMRAM               cstackCOMRAM 000001
__pdataBANK1                  dataBANK1    00015E
__pdataCOMRAM                 dataCOMRAM   00005E
__pidataBANK1                 idataBANK1   004890
__pidataCOMRAM                idataCOMRAM  00488C
__pintcode                    intcode      000008
__pintcode_body               intcode_body 002EFC
__pmediumconst                mediumconst  00FEDA
__powers_                     mediumconst  00FEDB
__ptext0                      text0        000EE4
__ptext1                      text1        000012
__ptext10                     text10       0045EE
__ptext11                     text11       00467C
__ptext12                     text12       003A6A
__ptext13                     text13       00483E
__ptext14                     text14       003FC4
__ptext15                     text15       004798
__ptext16                     text16       003BD4
__ptext17                     text17       002670
__ptext18                     text18       001C4C
__ptext19                     text19       004868
__ptext2                      text2        0021D4
__ptext20                     text20       00428C
__ptext21                     text21       00459E
__ptext22                     text22       00352A
__ptext23                     text23       0047F2
__ptext24                     text24       002ADE
__ptext25                     text25       004316
__ptext26                     text26       003E14
__ptext27                     text27       0046F6
__ptext28                     text28       00441E
__ptext29                     text29       00448C
__ptext3                      text3        0046BC
__ptext30                     text30       004148
__ptext31                     text31       004546
__ptext32                     text32       00481C
__ptext33                     text33       00463A
__ptext34                     text34       00472E
__ptext35                     text35       004764
__ptext36                     text36       004858
__ptext37                     text37       004874
__ptext38                     text38       0047C6
__ptext4                      text4        003274
__ptext40                     text40       004880
__ptext41                     text41       00439A
__ptext42                     text42       003EEC
__ptext5                      text5        003D28
__ptext6                      text6        003710
__ptext7                      text7        0038BE
__ptext8                      text8        0041F0
__ptext9                      text9        004090
__ramtop                      ramtop       001000
__size_of___awdiv             (abs)        000000
__size_of___awmod             (abs)        000000
__size_of___fladd             (abs)        000000
__size_of___fldiv             (abs)        000000
__size_of___flge              (abs)        000000
__size_of___flmul             (abs)        000000
__size_of___flneg             (abs)        000000
__size_of___flsub             (abs)        000000
__size_of___fltol             (abs)        000000
__size_of___lldiv             (abs)        000000
__size_of___llmod             (abs)        000000
__size_of___wmul              (abs)        000000
__size_of___xxtofl            (abs)        000000
__size_of__div_to_l_          (abs)        000000
__size_of__tdiv_to_l_         (abs)        000000
__size_of_delay_cycles        (abs)        000000
__size_of_delay_ms            (abs)        000000
__size_of_fround              (abs)        000000
__size_of_highIsr             (abs)        000000
__size_of_initTimers01        (abs)        000000
__size_of_init_adc_no_lib     (abs)        000000
__size_of_init_pwm1           (abs)        000000
__size_of_initialization      (abs)        000000
__size_of_isdigit             (abs)        000000
__size_of_lcd_gotoxy          (abs)        000000
__size_of_lcd_init            (abs)        000000
__size_of_lcd_putc            (abs)        000000
__size_of_lcd_puts            (abs)        000000
__size_of_lcd_send_byte       (abs)        000000
__size_of_lcd_send_nibble     (abs)        000000
__size_of_main                (abs)        000000
__size_of_pwd_Timer3          (abs)        000000
__size_of_read_adc_raw_no_lib (abs)        000000
__size_of_read_adc_voltage    (abs)        000000
__size_of_reloadTimer3        (abs)        000000
__size_of_scale               (abs)        000000
__size_of_set_pwm1_percent    (abs)        000000
__size_of_set_pwm1_raw        (abs)        000000
__size_of_setupPorts          (abs)        000000
__size_of_sprintf             (abs)        000000
__size_ofi2___awmod           (abs)        000000
__size_ofi2_pwd_Timer3        (abs)        000000
__size_ofi2_reloadTimer3      (abs)        000000
__smallconst                  smallconst   000000
__tdiv_to_l_                  text6        003710
__tdiv_to_l_@cntr             cstackCOMRAM 00002D
__tdiv_to_l_@exp1             cstackCOMRAM 00002E
__tdiv_to_l_@f1               cstackCOMRAM 00001E
__tdiv_to_l_@f2               cstackCOMRAM 000022
__tdiv_to_l_@quot             cstackCOMRAM 000029
_coolerON                     bssBANK1     00015D
_delay_cycles                 text33       00463A
_delay_ms                     text34       00472E
_dpowers                      mediumconst  00FF43
_fround                       text4        003274
_fround$1713                  cstackCOMRAM 00004D
_fround$1714                  cstackCOMRAM 000049
_heaterON                     dataBANK1    00015E
_highIsr                      intcode      000008
_initTimers01                 text38       0047C6
_init_adc_no_lib              text37       004874
_init_pwm1                    text36       004858
_initialization               text35       004764
_isdigit                      text3        0046BC
_isdigit$1331                 cstackCOMRAM 00001F
_lcd                          (abs)        000F83
_lcd_gotoxy                   text29       00448C
_lcd_init                     text30       004148
_lcd_putc                     text28       00441E
_lcd_puts                     text27       0046F6
_lcd_send_byte                text31       004546
_lcd_send_nibble              text32       00481C
_main                         text0        000EE4
_main$1709                    cstackBANK1  000124
_main$1710                    cstackBANK1  000148
_main$1711                    cstackBANK1  00012E
_main$1712                    cstackBANK1  000144
_operationModes               bssCOMRAM    000058
_ot                           bssBANK1     000153
_percentCoolCounter           bssCOMRAM    00005A
_percentHeatCounter           bssCOMRAM    00005C
_pwd_Timer3                   text25       004316
_read_adc_raw_no_lib          text21       00459E
_read_adc_voltage             text20       00428C
_reloadTimer3                 text19       004868
_scale                        text2        0021D4
_scale$1715                   cstackCOMRAM 000049
_set_pwm1_percent             text14       003FC4
_set_pwm1_raw                 text15       004798
_setupPorts                   text13       00483E
_sp                           bssBANK1     000157
_sprintf                      text1        000012
_sprintf$1716                 cstackBANK0  0000AC
_temp                         bssBANK1     00014F
_timer3Counter                bssCOMRAM    000056
btemp                         temp         000062
delay_cycles@n                cstackCOMRAM 000021
delay_cycles@x                cstackCOMRAM 000022
delay_ms@n                    cstackCOMRAM 00001E
delay_ms@x                    cstackCOMRAM 000020
end_of_initialization         cinit        004538
fround@prec                   cstackCOMRAM 000051
i2___awmod                    text42       003EEC
i2___awmod@counter            cstackCOMRAM 000005
i2___awmod@dividend           cstackCOMRAM 000001
i2___awmod@divisor            cstackCOMRAM 000003
i2___awmod@sign               cstackCOMRAM 000006
i2_pwd_Timer3                 text41       00439A
i2_reloadTimer3               text40       004880
i2pwd_Timer3@limit            cstackCOMRAM 000007
int$flags                     temp         000062
int_func                      intcode_body 002EFC
intlevel0                     text         000000
intlevel1                     text         000000
intlevel2                     text         000000
intlevel3                     text         000000
isdigit@c                     cstackCOMRAM 000020
lcd_gotoxy@address            cstackCOMRAM 00002A
lcd_gotoxy@x                  cstackCOMRAM 000029
lcd_gotoxy@y                  cstackCOMRAM 000028
lcd_init@i                    cstackCOMRAM 000028
lcd_putc@c                    cstackCOMRAM 00002B
lcd_puts@s                    cstackCOMRAM 00002C
lcd_send_byte@cm_data         cstackCOMRAM 000027
lcd_send_byte@n               cstackCOMRAM 000026
lcd_send_nibble@n             cstackCOMRAM 000025
main@AI1_Percentage           cstackBANK1  00013C
main@Buffer                   cstackBANK1  000100
main@CoolError                cstackBANK1  00013E
main@CoolError1               cstackBANK1  00012A
main@HeatError                cstackBANK1  000140
main@HeatError1               cstackBANK1  000142
main@PWMPersent               cstackBANK1  00014A
main@PWMPersent1              cstackBANK1  00014C
main@RPS                      cstackBANK1  000128
main@RPS_1049                 cstackBANK1  00012C
main@analogs                  cstackBANK1  000130
main@channel                  cstackBANK1  00014E
main@voltage                  cstackBANK1  000120
pwd_Timer3@limit              cstackCOMRAM 000024
read_adc_raw_no_lib@channel   cstackCOMRAM 000024
read_adc_raw_no_lib@raw_value cstackCOMRAM 000022
read_adc_voltage@channel      cstackBANK0  000095
read_adc_voltage@raw_value    cstackBANK0  000096
read_adc_voltage@voltage      cstackBANK0  000091
scale@scl                     cstackCOMRAM 00004D
set_pwm1_percent@raw_val      cstackBANK0  0000A4
set_pwm1_percent@tmp          cstackBANK0  0000A0
set_pwm1_percent@value        cstackBANK0  00009C
set_pwm1_raw@raw_value        cstackCOMRAM 00002C
sprintf@ap                    cstackBANK0  0000B0
sprintf@c                     cstackBANK0  0000C6
sprintf@exp                   cstackBANK0  0000BA
sprintf@f                     cstackBANK0  0000A2
sprintf@flag                  cstackBANK0  0000BC
sprintf@fval                  cstackBANK0  0000C0
sprintf@prec                  cstackBANK0  0000C4
sprintf@sp                    cstackBANK0  0000A0
sprintf@tmpval                cstackBANK0  0000B2
sprintf@val                   cstackBANK0  0000B6
sprintf@width                 cstackBANK0  0000BE
stackhi                       (abs)        000F7F
stacklo                       (abs)        00015F
start                         init         00000E
start_initialization          cinit        0044EE
wtemp6                        temp         000063


FUNCTION INFORMATION:

 *************** function _main *****************
 Defined at:
		line 238 in file "main.c"
 Parameters:    Size  Location     Type
		None
 Auto vars:     Size  Location     Type
  PWMPersent1     2   76[BANK1 ] int 
  CoolError1      2   42[BANK1 ] int 
  PWMPersent      2   74[BANK1 ] int 
  HeatError1      2   66[BANK1 ] int 
  RPS             2   44[BANK1 ] int 
  HeatError       2   64[BANK1 ] int 
  CoolError       2   62[BANK1 ] int 
  RPS             2   40[BANK1 ] int 
  channel         1   78[BANK1 ] unsigned char 
  Buffer         32    0[BANK1 ] unsigned char [32]
  analogs        12   48[BANK1 ] float [3]
  voltage         4   32[BANK1 ] float 
  AI1_Percenta    2   60[BANK1 ] int 
 Return value:  Size  Location     Type
                  1    wreg      void 
 Registers used:
		wreg, fsr2l, fsr2h, status,2, status,0, tblptrl, tblptrh, tblptru, prodl, prodh, cstack
 Tracked objects:
		On entry : 
		On exit  : 
		Unchanged: 
 Data sizes:     COMRAM   BANK0   BANK1   BANK2   BANK3   BANK4   BANK5   BANK6   BANK7   BANK8   BANK9  BANK10  BANK11  BANK12  BANK13  BANK14  BANK15
      Params:         0       0       0       0       0       0       0       0       0       0       0       0       0       0       0       0       0
      Locals:         0       0      79       0       0       0       0       0       0       0       0       0       0       0       0       0       0
      Temps:          0       2       0       0       0       0       0       0       0       0       0       0       0       0       0       0       0
      Totals:         0       2      79       0       0       0       0       0       0       0       0       0       0       0       0       0       0
Total ram usage:       81 bytes
 Hardware stack levels required when called:    9
 This function calls:
		___awdiv
		___fladd
		___fldiv
		___flge
		___flmul
		___flneg
		___fltol
		___wmul
		___xxtofl
		_initTimers01
		_init_adc_no_lib
		_init_pwm1
		_initialization
		_lcd_gotoxy
		_lcd_init
		_lcd_putc
		_lcd_puts
		_pwd_Timer3
		_read_adc_voltage
		_reloadTimer3
		_set_pwm1_percent
		_set_pwm1_raw
		_setupPorts
		_sprintf
 This function is called by:
		Startup code after reset
 This function uses a non-reentrant model


 *************** function _sprintf *****************
 Defined at:
		line 492 in file "C:\Program Files (x86)\Microchip\xc8\v1.45\sources\common\doprnt.c"
 Parameters:    Size  Location     Type
  sp              2   32[BANK0 ] PTR unsigned char 
		 -> main@Buffer(32), 
  f               2   34[BANK0 ] PTR const unsigned char 
		 -> STR_14(12), STR_13(11), STR_12(7), STR_11(11), 
		 -> STR_10(12), STR_9(11), STR_8(8), STR_7(16), 
		 -> STR_6(7), STR_5(16), STR_4(7), STR_3(13), 
		 -> STR_2(16), STR_1(19), 
 Auto vars:     Size  Location     Type
  fval            4   64[BANK0 ] PTR const unsigned char 
  val             4   54[BANK0 ] unsigned long 
  tmpval          4   50[BANK0 ] struct .
  cp              3    0        PTR const unsigned char 
  prec            2   68[BANK0 ] int 
  width           2   62[BANK0 ] int 
  flag            2   60[BANK0 ] unsigned short 
  exp             2   58[BANK0 ] int 
  ap              2   48[BANK0 ] PTR void [1]
		 -> ?_sprintf(2), 
  len             2    0        unsigned int 
  c               1   70[BANK0 ] char 
  d               1    0        unsigned char 
 Return value:  Size  Location     Type
                  2   32[BANK0 ] int 
 Registers used:
		wreg, fsr2l, fsr2h, status,2, status,0, tblptrl, tblptrh, tblptru, prodl, prodh, cstack
 Tracked objects:
		On entry : 
		On exit  : 
		Unchanged: 
 Data sizes:     COMRAM   BANK0   BANK1   BANK2   BANK3   BANK4   BANK5   BANK6   BANK7   BANK8   BANK9  BANK10  BANK11  BANK12  BANK13  BANK14  BANK15
      Params:         0       8       0       0       0       0       0       0       0       0       0       0       0       0       0       0       0
      Locals:         0      27       0       0       0       0       0       0       0       0       0       0       0       0       0       0       0
      Temps:          0       4       0       0       0       0       0       0       0       0       0       0       0       0       0       0       0
      Totals:         0      39       0       0       0       0       0       0       0       0       0       0       0       0       0       0       0
Total ram usage:       39 bytes
 Hardware stack levels used:    1
 Hardware stack levels required when called:    5
 This function calls:
		___awdiv
		___fladd
		___flge
		___flmul
		___flneg
		___flsub
		___fltol
		___lldiv
		___llmod
		___wmul
		___xxtofl
		__div_to_l_
		__tdiv_to_l_
		_fround
		_isdigit
		_scale
 This function is called by:
		_main
 This function uses a non-reentrant model


 *************** function _scale *****************
 Defined at:
		line 425 in file "C:\Program Files (x86)\Microchip\xc8\v1.45\sources\common\doprnt.c"
 Parameters:    Size  Location     Type
  scl             1    wreg     char 
 Auto vars:     Size  Location     Type
  scl             1   76[COMRAM] char 
 Return value:  Size  Location     Type
                  4   68[COMRAM] char 
 Registers used:
		wreg, status,2, status,0, tblptrl, tblptrh, tblptru, prodl, prodh, cstack
 Tracked objects:
		On entry : 
		On exit  : 
		Unchanged: 
 Data sizes:     COMRAM   BANK0   BANK1   BANK2   BANK3   BANK4   BANK5   BANK6   BANK7   BANK8   BANK9  BANK10  BANK11  BANK12  BANK13  BANK14  BANK15
      Params:         4       0       0       0       0       0       0       0       0       0       0       0       0       0       0       0       0
      Locals:         5       0       0       0       0       0       0       0       0       0       0       0       0       0       0       0       0
      Temps:          0       0       0       0       0       0       0       0       0       0       0       0       0       0       0       0       0
      Totals:         9       0       0       0       0       0       0       0       0       0       0       0       0       0       0       0       0
Total ram usage:        9 bytes
 Hardware stack levels used:    1
 Hardware stack levels required when called:    4
 This function calls:
		___awdiv
		___awmod
		___flmul
 This function is called by:
		_sprintf
 This function uses a non-reentrant model


 *************** function _isdigit *****************
 Defined at:
		line 8 in file "C:\Program Files (x86)\Microchip\xc8\v1.45\sources\common\isdigit.c"
 Parameters:    Size  Location     Type
  c               1    wreg     unsigned char 
 Auto vars:     Size  Location     Type
  c               1   31[COMRAM] unsigned char 
 Return value:  Size  Location     Type
		None               void
 Registers used:
		wreg, status,2, status,0
 Tracked objects:
		On entry : 
		On exit  : 
		Unchanged: 
 Data sizes:     COMRAM   BANK0   BANK1   BANK2   BANK3   BANK4   BANK5   BANK6   BANK7   BANK8   BANK9  BANK10  BANK11  BANK12  BANK13  BANK14  BANK15
      Params:         0       0       0       0       0       0       0       0       0       0       0       0       0       0       0       0       0
      Locals:         2       0       0       0       0       0       0       0       0       0       0       0       0       0       0       0       0
      Temps:          1       0       0       0       0       0       0       0       0       0       0       0       0       0       0       0       0
      Totals:         3       0       0       0       0       0       0       0       0       0       0       0       0       0       0       0       0
Total ram usage:        3 bytes
 Hardware stack levels used:    1
 Hardware stack levels required when called:    3
 This function calls:
		Nothing
 This function is called by:
		_sprintf
 This function uses a non-reentrant model


 *************** function _fround *****************
 Defined at:
		line 409 in file "C:\Program Files (x86)\Microchip\xc8\v1.45\sources\common\doprnt.c"
 Parameters:    Size  Location     Type
  prec            1    wreg     unsigned char 
 Auto vars:     Size  Location     Type
  prec            1   80[COMRAM] unsigned char 
 Return value:  Size  Location     Type
                  4   68[COMRAM] unsigned char 
 Registers used:
		wreg, status,2, status,0, tblptrl, tblptrh, tblptru, prodl, prodh, cstack
 Tracked objects:
		On entry : 
		On exit  : 
		Unchanged: 
 Data sizes:     COMRAM   BANK0   BANK1   BANK2   BANK3   BANK4   BANK5   BANK6   BANK7   BANK8   BANK9  BANK10  BANK11  BANK12  BANK13  BANK14  BANK15
      Params:         4       0       0       0       0       0       0       0       0       0       0       0       0       0       0       0       0
      Locals:         9       0       0       0       0       0       0       0       0       0       0       0       0       0       0       0       0
      Temps:          0       0       0       0       0       0       0       0       0       0       0       0       0       0       0       0       0
      Totals:        13       0       0       0       0       0       0       0       0       0       0       0       0       0       0       0       0
Total ram usage:       13 bytes
 Hardware stack levels used:    1
 Hardware stack levels required when called:    4
 This function calls:
		___awdiv
		___awmod
		___flmul
 This function is called by:
		_sprintf
 This function uses a non-reentrant model


 *************** function ___awdiv *****************
 Defined at:
		line 8 in file "C:\Program Files (x86)\Microchip\xc8\v1.45\sources\common\awdiv.c"
 Parameters:    Size  Location     Type
  dividend        2   35[COMRAM] int 
  divisor         2   37[COMRAM] int 
 Auto vars:     Size  Location     Type
  quotient        2   41[COMRAM] int 
  sign            1   40[COMRAM] unsigned char 
  counter         1   39[COMRAM] unsigned char 
 Return value:  Size  Location     Type
                  2   35[COMRAM] int 
 Registers used:
		wreg, status,2, status,0
 Tracked objects:
		On entry : 
		On exit  : 
		Unchanged: 
 Data sizes:     COMRAM   BANK0   BANK1   BANK2   BANK3   BANK4   BANK5   BANK6   BANK7   BANK8   BANK9  BANK10  BANK11  BANK12  BANK13  BANK14  BANK15
      Params:         4       0       0       0       0       0       0       0       0       0       0       0       0       0       0       0       0
      Locals:         4       0       0       0       0       0       0       0       0       0       0       0       0       0       0       0       0
      Temps:          0       0       0       0       0       0       0       0       0       0       0       0       0       0       0       0       0
      Totals:         8       0       0       0       0       0       0       0       0       0       0       0       0       0       0       0       0
Total ram usage:        8 bytes
 Hardware stack levels used:    1
 Hardware stack levels required when called:    3
 This function calls:
		Nothing
 This function is called by:
		_main
		_fround
		_scale
		_sprintf
 This function uses a non-reentrant model


 *************** function __tdiv_to_l_ *****************
 Defined at:
		line 60 in file "C:\Program Files (x86)\Microchip\xc8\v1.45\sources\common\ftdivl.c"
 Parameters:    Size  Location     Type
  f1              4   29[COMRAM] float 
  f2              4   33[COMRAM] float 
 Auto vars:     Size  Location     Type
  quot            4   40[COMRAM] unsigned long 
  exp1            1   45[COMRAM] unsigned char 
  cntr            1   44[COMRAM] unsigned char 
 Return value:  Size  Location     Type
                  4   29[COMRAM] unsigned long 
 Registers used:
		wreg, status,2, status,0
 Tracked objects:
		On entry : 
		On exit  : 
		Unchanged: 
 Data sizes:     COMRAM   BANK0   BANK1   BANK2   BANK3   BANK4   BANK5   BANK6   BANK7   BANK8   BANK9  BANK10  BANK11  BANK12  BANK13  BANK14  BANK15
      Params:         8       0       0       0       0       0       0       0       0       0       0       0       0       0       0       0       0
      Locals:         6       0       0       0       0       0       0       0       0       0       0       0       0       0       0       0       0
      Temps:          3       0       0       0       0       0       0       0       0       0       0       0       0       0       0       0       0
      Totals:        17       0       0       0       0       0       0       0       0       0       0       0       0       0       0       0       0
Total ram usage:       17 bytes
 Hardware stack levels used:    1
 Hardware stack levels required when called:    3
 This function calls:
		Nothing
 This function is called by:
		_sprintf
 This function uses a non-reentrant model


 *************** function __div_to_l_ *****************
 Defined at:
		line 60 in file "C:\Program Files (x86)\Microchip\xc8\v1.45\sources\common\fldivl.c"
 Parameters:    Size  Location     Type
  f1              4   29[COMRAM] unsigned long 
  f2              4   33[COMRAM] unsigned long 
 Auto vars:     Size  Location     Type
  quot            4   37[COMRAM] unsigned long 
  exp1            1   42[COMRAM] unsigned char 
  cntr            1   41[COMRAM] unsigned char 
 Return value:  Size  Location     Type
                  4   29[COMRAM] unsigned long 
 Registers used:
		wreg, status,2, status,0
 Tracked objects:
		On entry : 
		On exit  : 
		Unchanged: 
 Data sizes:     COMRAM   BANK0   BANK1   BANK2   BANK3   BANK4   BANK5   BANK6   BANK7   BANK8   BANK9  BANK10  BANK11  BANK12  BANK13  BANK14  BANK15
      Params:         8       0       0       0       0       0       0       0       0       0       0       0       0       0       0       0       0
      Locals:         6       0       0       0       0       0       0       0       0       0       0       0       0       0       0       0       0
      Temps:          0       0       0       0       0       0       0       0       0       0       0       0       0       0       0       0       0
      Totals:        14       0       0       0       0       0       0       0       0       0       0       0       0       0       0       0       0
Total ram usage:       14 bytes
 Hardware stack levels used:    1
 Hardware stack levels required when called:    3
 This function calls:
		Nothing
 This function is called by:
		_sprintf
 This function uses a non-reentrant model


 *************** function ___llmod *****************
 Defined at:
		line 8 in file "C:\Program Files (x86)\Microchip\xc8\v1.45\sources\common\llmod.c"
 Parameters:    Size  Location     Type
  dividend        4   42[COMRAM] unsigned long 
  divisor         4   46[COMRAM] unsigned long 
 Auto vars:     Size  Location     Type
  counter         1   50[COMRAM] unsigned char 
 Return value:  Size  Location     Type
                  4   42[COMRAM] unsigned long 
 Registers used:
		wreg, status,2, status,0
 Tracked objects:
		On entry : 
		On exit  : 
		Unchanged: 
 Data sizes:     COMRAM   BANK0   BANK1   BANK2   BANK3   BANK4   BANK5   BANK6   BANK7   BANK8   BANK9  BANK10  BANK11  BANK12  BANK13  BANK14  BANK15
      Params:         8       0       0       0       0       0       0       0       0       0       0       0       0       0       0       0       0
      Locals:         1       0       0       0       0       0       0       0       0       0       0       0       0       0       0       0       0
      Temps:          0       0       0       0       0       0       0       0       0       0       0       0       0       0       0       0       0
      Totals:         9       0       0       0       0       0       0       0       0       0       0       0       0       0       0       0       0
Total ram usage:        9 bytes
 Hardware stack levels used:    1
 Hardware stack levels required when called:    3
 This function calls:
		Nothing
 This function is called by:
		_sprintf
 This function uses a non-reentrant model


 *************** function ___lldiv *****************
 Defined at:
		line 8 in file "C:\Program Files (x86)\Microchip\xc8\v1.45\sources\common\lldiv.c"
 Parameters:    Size  Location     Type
  dividend        4   29[COMRAM] unsigned long 
  divisor         4   33[COMRAM] unsigned long 
 Auto vars:     Size  Location     Type
  quotient        4   37[COMRAM] unsigned long 
  counter         1   41[COMRAM] unsigned char 
 Return value:  Size  Location     Type
                  4   29[COMRAM] unsigned long 
 Registers used:
		wreg, status,2, status,0
 Tracked objects:
		On entry : 
		On exit  : 
		Unchanged: 
 Data sizes:     COMRAM   BANK0   BANK1   BANK2   BANK3   BANK4   BANK5   BANK6   BANK7   BANK8   BANK9  BANK10  BANK11  BANK12  BANK13  BANK14  BANK15
      Params:         8       0       0       0       0       0       0       0       0       0       0       0       0       0       0       0       0
      Locals:         5       0       0       0       0       0       0       0       0       0       0       0       0       0       0       0       0
      Temps:          0       0       0       0       0       0       0       0       0       0       0       0       0       0       0       0       0
      Totals:        13       0       0       0       0       0       0       0       0       0       0       0       0       0       0       0       0
Total ram usage:       13 bytes
 Hardware stack levels used:    1
 Hardware stack levels required when called:    3
 This function calls:
		Nothing
 This function is called by:
		_sprintf
 This function uses a non-reentrant model


 *************** function ___flsub *****************
 Defined at:
		line 245 in file "C:\Program Files (x86)\Microchip\xc8\v1.45\sources\common\sprcadd.c"
 Parameters:    Size  Location     Type
  b               4   20[BANK0 ] unsigned long 
  a               4   24[BANK0 ] unsigned long 
 Auto vars:     Size  Location     Type
		None
 Return value:  Size  Location     Type
                  4   20[BANK0 ] unsigned long 
 Registers used:
		wreg, status,2, status,0, cstack
 Tracked objects:
		On entry : 
		On exit  : 
		Unchanged: 
 Data sizes:     COMRAM   BANK0   BANK1   BANK2   BANK3   BANK4   BANK5   BANK6   BANK7   BANK8   BANK9  BANK10  BANK11  BANK12  BANK13  BANK14  BANK15
      Params:         0       8       0       0       0       0       0       0       0       0       0       0       0       0       0       0       0
      Locals:         0       0       0       0       0       0       0       0       0       0       0       0       0       0       0       0       0
      Temps:          0       0       0       0       0       0       0       0       0       0       0       0       0       0       0       0       0
      Totals:         0       8       0       0       0       0       0       0       0       0       0       0       0       0       0       0       0
Total ram usage:        8 bytes
 Hardware stack levels used:    1
 Hardware stack levels required when called:    4
 This function calls:
		___fladd
 This function is called by:
		_sprintf
 This function uses a non-reentrant model


 *************** function ___flneg *****************
 Defined at:
		line 15 in file "C:\Program Files (x86)\Microchip\xc8\v1.45\sources\common\flneg.c"
 Parameters:    Size  Location     Type
  f1              4   49[COMRAM] unsigned long 
 Auto vars:     Size  Location     Type
		None
 Return value:  Size  Location     Type
                  4   49[COMRAM] unsigned long 
 Registers used:
		wreg, status,2, status,0
 Tracked objects:
		On entry : 
		On exit  : 
		Unchanged: 
 Data sizes:     COMRAM   BANK0   BANK1   BANK2   BANK3   BANK4   BANK5   BANK6   BANK7   BANK8   BANK9  BANK10  BANK11  BANK12  BANK13  BANK14  BANK15
      Params:         4       0       0       0       0       0       0       0       0       0       0       0       0       0       0       0       0
      Locals:         0       0       0       0       0       0       0       0       0       0       0       0       0       0       0       0       0
      Temps:          0       0       0       0       0       0       0       0       0       0       0       0       0       0       0       0       0
      Totals:         4       0       0       0       0       0       0       0       0       0       0       0       0       0       0       0       0
Total ram usage:        4 bytes
 Hardware stack levels used:    1
 Hardware stack levels required when called:    3
 This function calls:
		Nothing
 This function is called by:
		_main
		_sprintf
		_set_pwm1_general
 This function uses a non-reentrant model


 *************** function ___flge *****************
 Defined at:
		line 4 in file "C:\Program Files (x86)\Microchip\xc8\v1.45\sources\common\flge.c"
 Parameters:    Size  Location     Type
  ff1             4   20[BANK0 ] unsigned long 
  ff2             4   24[BANK0 ] unsigned long 
 Auto vars:     Size  Location     Type
		None
 Return value:  Size  Location     Type
		None               void
 Registers used:
		wreg, status,2, status,0
 Tracked objects:
		On entry : 
		On exit  : 
		Unchanged: 
 Data sizes:     COMRAM   BANK0   BANK1   BANK2   BANK3   BANK4   BANK5   BANK6   BANK7   BANK8   BANK9  BANK10  BANK11  BANK12  BANK13  BANK14  BANK15
      Params:         0       8       0       0       0       0       0       0       0       0       0       0       0       0       0       0       0
      Locals:         0       0       0       0       0       0       0       0       0       0       0       0       0       0       0       0       0
      Temps:          0       4       0       0       0       0       0       0       0       0       0       0       0       0       0       0       0
      Totals:         0      12       0       0       0       0       0       0       0       0       0       0       0       0       0       0       0
Total ram usage:       12 bytes
 Hardware stack levels used:    1
 Hardware stack levels required when called:    3
 This function calls:
		Nothing
 This function is called by:
		_main
		_sprintf
 This function uses a non-reentrant model


 *************** function _setupPorts *****************
 Defined at:
		line 148 in file "main.c"
 Parameters:    Size  Location     Type
		None
 Auto vars:     Size  Location     Type
		None
 Return value:  Size  Location     Type
                  1    wreg      void 
 Registers used:
		wreg, status,2
 Tracked objects:
		On entry : 
		On exit  : 
		Unchanged: 
 Data sizes:     COMRAM   BANK0   BANK1   BANK2   BANK3   BANK4   BANK5   BANK6   BANK7   BANK8   BANK9  BANK10  BANK11  BANK12  BANK13  BANK14  BANK15
      Params:         0       0       0       0       0       0       0       0       0       0       0       0       0       0       0       0       0
      Locals:         0       0       0       0       0       0       0       0       0       0       0       0       0       0       0       0       0
      Temps:          0       0       0       0       0       0       0       0       0       0       0       0       0       0       0       0       0
      Totals:         0       0       0       0       0       0       0       0       0       0       0       0       0       0       0       0       0
Total ram usage:        0 bytes
 Hardware stack levels used:    1
 Hardware stack levels required when called:    3
 This function calls:
		Nothing
 This function is called by:
		_main
 This function uses a non-reentrant model


 *************** function _set_pwm1_percent *****************
 Defined at:
		line 22 in file "my_pwm.c"
 Parameters:    Size  Location     Type
  value           4   28[BANK0 ] float 
 Auto vars:     Size  Location     Type
  tmp             4   32[BANK0 ] float 
  raw_val         2   36[BANK0 ] int 
 Return value:  Size  Location     Type
                  1    wreg      void 
 Registers used:
		wreg, status,2, status,0, prodl, prodh, cstack
 Tracked objects:
		On entry : 
		On exit  : 
		Unchanged: 
 Data sizes:     COMRAM   BANK0   BANK1   BANK2   BANK3   BANK4   BANK5   BANK6   BANK7   BANK8   BANK9  BANK10  BANK11  BANK12  BANK13  BANK14  BANK15
      Params:         0       4       0       0       0       0       0       0       0       0       0       0       0       0       0       0       0
      Locals:         0       6       0       0       0       0       0       0       0       0       0       0       0       0       0       0       0
      Temps:          0       0       0       0       0       0       0       0       0       0       0       0       0       0       0       0       0
      Totals:         0      10       0       0       0       0       0       0       0       0       0       0       0       0       0       0       0
Total ram usage:       10 bytes
 Hardware stack levels used:    1
 Hardware stack levels required when called:    4
 This function calls:
		___fladd
		___fldiv
		___flmul
		___fltol
		_set_pwm1_raw
 This function is called by:
		_main
 This function uses a non-reentrant model


 *************** function _set_pwm1_raw *****************
 Defined at:
		line 14 in file "my_pwm.c"
 Parameters:    Size  Location     Type
  raw_value       2   43[COMRAM] unsigned int 
 Auto vars:     Size  Location     Type
		None
 Return value:  Size  Location     Type
                  1    wreg      void 
 Registers used:
		wreg, status,2, status,0
 Tracked objects:
		On entry : 
		On exit  : 
		Unchanged: 
 Data sizes:     COMRAM   BANK0   BANK1   BANK2   BANK3   BANK4   BANK5   BANK6   BANK7   BANK8   BANK9  BANK10  BANK11  BANK12  BANK13  BANK14  BANK15
      Params:         2       0       0       0       0       0       0       0       0       0       0       0       0       0       0       0       0
      Locals:         0       0       0       0       0       0       0       0       0       0       0       0       0       0       0       0       0
      Temps:          2       0       0       0       0       0       0       0       0       0       0       0       0       0       0       0       0
      Totals:         4       0       0       0       0       0       0       0       0       0       0       0       0       0       0       0       0
Total ram usage:        4 bytes
 Hardware stack levels used:    1
 Hardware stack levels required when called:    3
 This function calls:
		Nothing
 This function is called by:
		_set_pwm1_percent
		_main
		_set_pwm1_voltage
		_set_pwm1_general
 This function uses a non-reentrant model


 *************** function ___fltol *****************
 Defined at:
		line 43 in file "C:\Program Files (x86)\Microchip\xc8\v1.45\sources\common\fltol.c"
 Parameters:    Size  Location     Type
  f1              4   20[BANK0 ] void 
 Auto vars:     Size  Location     Type
  exp1            1   82[COMRAM] unsigned char 
  sign1           1   81[COMRAM] unsigned char 
 Return value:  Size  Location     Type
                  4   20[BANK0 ] long 
 Registers used:
		wreg, status,2, status,0
 Tracked objects:
		On entry : 
		On exit  : 
		Unchanged: 
 Data sizes:     COMRAM   BANK0   BANK1   BANK2   BANK3   BANK4   BANK5   BANK6   BANK7   BANK8   BANK9  BANK10  BANK11  BANK12  BANK13  BANK14  BANK15
      Params:         0       4       0       0       0       0       0       0       0       0       0       0       0       0       0       0       0
      Locals:         2       0       0       0       0       0       0       0       0       0       0       0       0       0       0       0       0
      Temps:          0       4       0       0       0       0       0       0       0       0       0       0       0       0       0       0       0
      Totals:         2       8       0       0       0       0       0       0       0       0       0       0       0       0       0       0       0
Total ram usage:       10 bytes
 Hardware stack levels used:    1
[...]
      Totals:         2       0       0       0       0       0       0       0       0       0       0       0       0       0       0       0       0
Total ram usage:        2 bytes
 Hardware stack levels used:    1
 Hardware stack levels required when called:    4
 This function calls:
		_delay_cycles
 This function is called by:
		_lcd_send_byte
		_lcd_init
 This function uses a non-reentrant model


 *************** function _delay_cycles *****************
 Defined at:
		line 20 in file "lcd_x8.c"
 Parameters:    Size  Location     Type
  n               1    wreg     unsigned char 
 Auto vars:     Size  Location     Type
  n               1   32[COMRAM] unsigned char 
  x               2   33[COMRAM] int 
 Return value:  Size  Location     Type
                  1    wreg      void 
 Registers used:
		wreg, status,2, status,0
 Tracked objects:
		On entry : 
		On exit  : 
		Unchanged: 
 Data sizes:     COMRAM   BANK0   BANK1   BANK2   BANK3   BANK4   BANK5   BANK6   BANK7   BANK8   BANK9  BANK10  BANK11  BANK12  BANK13  BANK14  BANK15
      Params:         0       0       0       0       0       0       0       0       0       0       0       0       0       0       0       0       0
      Locals:         3       0       0       0       0       0       0       0       0       0       0       0       0       0       0       0       0
      Temps:          3       0       0       0       0       0       0       0       0       0       0       0       0       0       0       0       0
      Totals:         6       0       0       0       0       0       0       0       0       0       0       0       0       0       0       0       0
Total ram usage:        6 bytes
 Hardware stack levels used:    1
 Hardware stack levels required when called:    3
 This function calls:
		Nothing
 This function is called by:
		_lcd_send_nibble
		_lcd_send_byte
 This function uses a non-reentrant model


 *************** function _delay_ms *****************
 Defined at:
		line 12 in file "lcd_x8.c"
 Parameters:    Size  Location     Type
  n               2   29[COMRAM] unsigned int 
 Auto vars:     Size  Location     Type
  x               2   31[COMRAM] int 
 Return value:  Size  Location     Type
                  1    wreg      void 
 Registers used:
		wreg, status,2, status,0
 Tracked objects:
		On entry : 
		On exit  : 
		Unchanged: 
 Data sizes:     COMRAM   BANK0   BANK1   BANK2   BANK3   BANK4   BANK5   BANK6   BANK7   BANK8   BANK9  BANK10  BANK11  BANK12  BANK13  BANK14  BANK15
      Params:         2       0       0       0       0       0       0       0       0       0       0       0       0       0       0       0       0
      Locals:         2       0       0       0       0       0       0       0       0       0       0       0       0       0       0       0       0
      Temps:          0       0       0       0       0       0       0       0       0       0       0       0       0       0       0       0       0
      Totals:         4       0       0       0       0       0       0       0       0       0       0       0       0       0       0       0       0
Total ram usage:        4 bytes
 Hardware stack levels used:    1
 Hardware stack levels required when called:    3
 This function calls:
		Nothing
 This function is called by:
		_lcd_send_byte
		_lcd_init
		_lcd_putc
 This function uses a non-reentrant model


 *************** function _initialization *****************
 Defined at:
		line 127 in file "main.c"
 Parameters:    Size  Location     Type
		None
 Auto vars:     Size  Location     Type
		None
 Return value:  Size  Location     Type
                  1    wreg      void 
 Registers used:
		wreg, status,2
 Tracked objects:
		On entry : 
		On exit  : 
		Unchanged: 
 Data sizes:     COMRAM   BANK0   BANK1   BANK2   BANK3   BANK4   BANK5   BANK6   BANK7   BANK8   BANK9  BANK10  BANK11  BANK12  BANK13  BANK14  BANK15
      Params:         0       0       0       0       0       0       0       0       0       0       0       0       0       0       0       0       0
      Locals:         0       0       0       0       0       0       0       0       0       0       0       0       0       0       0       0       0
      Temps:          0       0       0       0       0       0       0       0       0       0       0       0       0       0       0       0       0
      Totals:         0       0       0       0       0       0       0       0       0       0       0       0       0       0       0       0       0
Total ram usage:        0 bytes
 Hardware stack levels used:    1
 Hardware stack levels required when called:    3
 This function calls:
		Nothing
 This function is called by:
		_main
 This function uses a non-reentrant model


 *************** function _init_pwm1 *****************
 Defined at:
		line 5 in file "my_pwm.c"
 Parameters:    Size  Location     Type
		None
 Auto vars:     Size  Location     Type
		None
 Return value:  Size  Location     Type
                  1    wreg      void 
 Registers used:
		wreg, status,2
 Tracked objects:
		On entry : 
		On exit  : 
		Unchanged: 
 Data sizes:     COMRAM   BANK0   BANK1   BANK2   BANK3   BANK4   BANK5   BANK6   BANK7   BANK8   BANK9  BANK10  BANK11  BANK12  BANK13  BANK14  BANK15
      Params:         0       0       0       0       0       0       0       0       0       0       0       0       0       0       0       0       0
      Locals:         0       0       0       0       0       0       0       0       0       0       0       0       0       0       0       0       0
      Temps:          0       0       0       0       0       0       0       0       0       0       0       0       0       0       0       0       0
      Totals:         0       0       0       0       0       0       0       0       0       0       0       0       0       0       0       0       0
Total ram usage:        0 bytes
 Hardware stack levels used:    1
 Hardware stack levels required when called:    3
 This function calls:
		Nothing
 This function is called by:
		_main
 This function uses a non-reentrant model


 *************** function _init_adc_no_lib *****************
 Defined at:
		line 11 in file "my_adc.c"
 Parameters:    Size  Location     Type
		None
 Auto vars:     Size  Location     Type
		None
 Return value:  Size  Location     Type
                  1    wreg      void 
 Registers used:
		wreg, status,2
 Tracked objects:
		On entry : 
		On exit  : 
		Unchanged: 
 Data sizes:     COMRAM   BANK0   BANK1   BANK2   BANK3   BANK4   BANK5   BANK6   BANK7   BANK8   BANK9  BANK10  BANK11  BANK12  BANK13  BANK14  BANK15
      Params:         0       0       0       0       0       0       0       0       0       0       0       0       0       0       0       0       0
      Locals:         0       0       0       0       0       0       0       0       0       0       0       0       0       0       0       0       0
      Temps:          0       0       0       0       0       0       0       0       0       0       0       0       0       0       0       0       0
      Totals:         0       0       0       0       0       0       0       0       0       0       0       0       0       0       0       0       0
Total ram usage:        0 bytes
 Hardware stack levels used:    1
 Hardware stack levels required when called:    3
 This function calls:
		Nothing
 This function is called by:
		_main
 This function uses a non-reentrant model


 *************** function _initTimers01 *****************
 Defined at:
		line 98 in file "main.c"
 Parameters:    Size  Location     Type
		None
 Auto vars:     Size  Location     Type
		None
 Return value:  Size  Location     Type
                  1    wreg      void 
 Registers used:
		wreg, status,2
 Tracked objects:
		On entry : 
		On exit  : 
		Unchanged: 
 Data sizes:     COMRAM   BANK0   BANK1   BANK2   BANK3   BANK4   BANK5   BANK6   BANK7   BANK8   BANK9  BANK10  BANK11  BANK12  BANK13  BANK14  BANK15
      Params:         0       0       0       0       0       0       0       0       0       0       0       0       0       0       0       0       0
      Locals:         0       0       0       0       0       0       0       0       0       0       0       0       0       0       0       0       0
      Temps:          0       0       0       0       0       0       0       0       0       0       0       0       0       0       0       0       0
      Totals:         0       0       0       0       0       0       0       0       0       0       0       0       0       0       0       0       0
Total ram usage:        0 bytes
 Hardware stack levels used:    1
 Hardware stack levels required when called:    3
 This function calls:
		Nothing
 This function is called by:
		_main
 This function uses a non-reentrant model


 *************** function _highIsr *****************
 Defined at:
		line 158 in file "main.c"
 Parameters:    Size  Location     Type
		None
 Auto vars:     Size  Location     Type
		None
 Return value:  Size  Location     Type
                  1    wreg      void 
 Registers used:
		wreg, status,2, status,0, cstack
 Tracked objects:
		On entry : 
		On exit  : 
		Unchanged: 
 Data sizes:     COMRAM   BANK0   BANK1   BANK2   BANK3   BANK4   BANK5   BANK6   BANK7   BANK8   BANK9  BANK10  BANK11  BANK12  BANK13  BANK14  BANK15
      Params:         0       0       0       0       0       0       0       0       0       0       0       0       0       0       0       0       0
      Locals:         0       0       0       0       0       0       0       0       0       0       0       0       0       0       0       0       0
      Temps:         20       0       0       0       0       0       0       0       0       0       0       0       0       0       0       0       0
      Totals:        20       0       0       0       0       0       0       0       0       0       0       0       0       0       0       0       0
Total ram usage:       20 bytes
 Hardware stack levels used:    1
 Hardware stack levels required when called:    2
 This function calls:
		i2___awmod
		i2_pwd_Timer3
		i2_reloadTimer3
 This function is called by:
		Interrupt level 2
 This function uses a non-reentrant model


 *************** function i2_reloadTimer3 *****************
 Defined at:
		line 121 in file "main.c"
 Parameters:    Size  Location     Type
		None
 Auto vars:     Size  Location     Type
		None
 Return value:  Size  Location     Type
                  1    wreg      void 
 Registers used:
		wreg, status,2
 Tracked objects:
		On entry : 
		On exit  : 
		Unchanged: 
 Data sizes:     COMRAM   BANK0   BANK1   BANK2   BANK3   BANK4   BANK5   BANK6   BANK7   BANK8   BANK9  BANK10  BANK11  BANK12  BANK13  BANK14  BANK15
      Params:         0       0       0       0       0       0       0       0       0       0       0       0       0       0       0       0       0
      Locals:         0       0       0       0       0       0       0       0       0       0       0       0       0       0       0       0       0
      Temps:          0       0       0       0       0       0       0       0       0       0       0       0       0       0       0       0       0
      Totals:         0       0       0       0       0       0       0       0       0       0       0       0       0       0       0       0       0
Total ram usage:        0 bytes
 Hardware stack levels used:    1
 This function calls:
		Nothing
 This function is called by:
		_highIsr
 This function uses a non-reentrant model


 *************** function i2_pwd_Timer3 *****************
 Defined at:
		line 220 in file "main.c"
 Parameters:    Size  Location     Type
  limit           2    6[COMRAM] int 
 Auto vars:     Size  Location     Type
		None
 Return value:  Size  Location     Type
                  1    wreg      void 
 Registers used:
		wreg, status,2, status,0, cstack
 Tracked objects:
		On entry : 
		On exit  : 
		Unchanged: 
 Data sizes:     COMRAM   BANK0   BANK1   BANK2   BANK3   BANK4   BANK5   BANK6   BANK7   BANK8   BANK9  BANK10  BANK11  BANK12  BANK13  BANK14  BANK15
      Params:         2       0       0       0       0       0       0       0       0       0       0       0       0       0       0       0       0
      Locals:         0       0       0       0       0       0       0       0       0       0       0       0       0       0       0       0       0
      Temps:          1       0       0       0       0       0       0       0       0       0       0       0       0       0       0       0       0
      Totals:         3       0       0       0       0       0       0       0       0       0       0       0       0       0       0       0       0
Total ram usage:        3 bytes
 Hardware stack levels used:    1
 Hardware stack levels required when called:    1
 This function calls:
		i2___awmod
 This function is called by:
		_highIsr
 This function uses a non-reentrant model


 *************** function i2___awmod *****************
 Defined at:
		line 8 in file "C:\Program Files (x86)\Microchip\xc8\v1.45\sources\common\awmod.c"
 Parameters:    Size  Location     Type
  dividend        2    0[COMRAM] int 
  divisor         2    2[COMRAM] int 
 Auto vars:     Size  Location     Type
  __awmod         1    5[COMRAM] unsigned char 
  __awmod         1    4[COMRAM] unsigned char 
 Return value:  Size  Location     Type
                  2    0[COMRAM] int 
 Registers used:
		wreg, status,2, status,0
 Tracked objects:
		On entry : 
		On exit  : 
		Unchanged: 
 Data sizes:     COMRAM   BANK0   BANK1   BANK2   BANK3   BANK4   BANK5   BANK6   BANK7   BANK8   BANK9  BANK10  BANK11  BANK12  BANK13  BANK14  BANK15
      Params:         4       0       0       0       0       0       0       0       0       0       0       0       0       0       0       0       0
      Locals:         2       0       0       0       0       0       0       0       0       0       0       0       0       0       0       0       0
      Temps:          0       0       0       0       0       0       0       0       0       0       0       0       0       0       0       0       0
      Totals:         6       0       0       0       0       0       0       0       0       0       0       0       0       0       0       0       0
Total ram usage:        6 bytes
 Hardware stack levels used:    1
 This function calls:
		Nothing
 This function is called by:
		_highIsr
		i2_pwd_Timer3
 This function uses a non-reentrant model



MODULE INFORMATION

Module		Function		Class		Link	Load	Size
C:\Program Files (x86)\Microchip\xc8\v1.45\sources\common\sprcdiv.c
		___fldiv       		CODE           	2ADE	0000	1055

C:\Program Files (x86)\Microchip\xc8\v1.45\sources\common\sprcdiv.c estimated size: 1055

C:\Program Files (x86)\Microchip\xc8\v1.45\sources\common\flge.c
		___flge        		CODE           	3A6A	0000	363

C:\Program Files (x86)\Microchip\xc8\v1.45\sources\common\flge.c estimated size: 363

C:\Program Files (x86)\Microchip\xc8\v1.45\sources\common\doprnt.c
		_scale         		CODE           	21D4	0000	1181
		_sprintf       		CODE           	0012	0000	3795
		_fround        		CODE           	3274	0000	695

C:\Program Files (x86)\Microchip\xc8\v1.45\sources\common\doprnt.c estimated size: 5671

C:\Program Files (x86)\Microchip\xc8\v1.45\sources\common\Umul16.c
		___wmul        		CODE           	47F2	0000	43

C:\Program Files (x86)\Microchip\xc8\v1.45\sources\common\Umul16.c estimated size: 43

my_pwm.c
		_set_pwm1_percent		CODE           	3FC4	0000	205
		_init_pwm1     		CODE           	4858	0000	17
		_set_pwm1_raw  		CODE           	4798	0000	47

my_pwm.c estimated size: 269

my_adc.c
		_init_adc_no_lib		CODE           	4874	0000	13
		_read_adc_raw_no_lib		CODE           	459E	0000	81
		_read_adc_voltage		CODE           	428C	0000	139

my_adc.c estimated size: 233

C:\Program Files (x86)\Microchip\xc8\v1.45\sources\common\isdigit.c
		_isdigit       		CODE           	46BC	0000	59

C:\Program Files (x86)\Microchip\xc8\v1.45\sources\common\isdigit.c estimated size: 59

C:\Program Files (x86)\Microchip\xc8\v1.45\sources\common\sprcadd.c
		___flsub       		CODE           	45EE	0000	77
		___fladd       		CODE           	1C4C	0000	1417

C:\Program Files (x86)\Microchip\xc8\v1.45\sources\common\sprcadd.c estimated size: 1494

C:\Program Files (x86)\Microchip\xc8\v1.45\sources\common\ftdivl.c
		__tdiv_to_l_   		CODE           	3710	0000	431

C:\Program Files (x86)\Microchip\xc8\v1.45\sources\common\ftdivl.c estimated size: 431

C:\Program Files (x86)\Microchip\xc8\v1.45\sources\common\awmod.c
		___awmod       		CODE           	3E14	0000	217

C:\Program Files (x86)\Microchip\xc8\v1.45\sources\common\awmod.c estimated size: 217

C:\Program Files (x86)\Microchip\xc8\v1.45\sources\common\llmod.c
		___llmod       		CODE           	41F0	0000	157

C:\Program Files (x86)\Microchip\xc8\v1.45\sources\common\llmod.c estimated size: 157

C:\Program Files (x86)\Microchip\xc8\v1.45\sources\common\fldivl.c
		__div_to_l_    		CODE           	38BE	0000	429

C:\Program Files (x86)\Microchip\xc8\v1.45\sources\common\fldivl.c estimated size: 429

C:\Program Files (x86)\Microchip\xc8\v1.45\sources\common\fltol.c
		___fltol       		CODE           	3BD4	0000	341

C:\Program Files (x86)\Microchip\xc8\v1.45\sources\common\fltol.c estimated size: 341

shared
		__powers_      		MEDIUMCONST    	FEDB	0000	53
		_dpowers       		MEDIUMCONST    	FF43	0000	41
		__npowers_     		MEDIUMCONST    	FF0F	0000	53
		i2_pwd_Timer3  		CODE           	439A	0000	133
		__initialization		CODE           	44EE	0000	75
		i2___awmod     		CODE           	3EEC	0000	217
		i2_reloadTimer3		CODE           	4880	0000	13

shared estimated size: 585

C:\Program Files (x86)\Microchip\xc8\v1.45\sources\common\awdiv.c
		___awdiv       		CODE           	3D28	0000	237

C:\Program Files (x86)\Microchip\xc8\v1.45\sources\common\awdiv.c estimated size: 237

C:\Program Files (x86)\Microchip\xc8\v1.45\sources\common\lldiv.c
		___lldiv       		CODE           	4090	0000	185

C:\Program Files (x86)\Microchip\xc8\v1.45\sources\common\lldiv.c estimated size: 185

C:\Program Files (x86)\Microchip\xc8\v1.45\sources\common\xxtofl.c
		___xxtofl      		CODE           	352A	0000	487

C:\Program Files (x86)\Microchip\xc8\v1.45\sources\common\xxtofl.c estimated size: 487

lcd_x8.c
		_lcd_putc      		CODE           	441E	0000	111
		_lcd_puts      		CODE           	46F6	0000	57
		_lcd_send_byte 		CODE           	4546	0000	89
		_lcd_gotoxy    		CODE           	448C	0000	99
		_lcd_send_nibble		CODE           	481C	0000	35
		_delay_ms      		CODE           	472E	0000	55
		_lcd_init      		CODE           	4148	0000	169
		_delay_cycles  		CODE           	463A	0000	67

lcd_x8.c estimated size: 682

C:\Program Files (x86)\Microchip\xc8\v1.45\sources\common\flneg.c
		___flneg       		CODE           	467C	0000	65

C:\Program Files (x86)\Microchip\xc8\v1.45\sources\common\flneg.c estimated size: 65

main.c
		_initialization		CODE           	4764	0000	53
		_main          		CODE           	0EE4	0000	3433
		_highIsr       		CODE           	0008	0000	895
		_reloadTimer3  		CODE           	4868	0000	13
		_initTimers01  		CODE           	47C6	0000	45
		_setupPorts    		CODE           	483E	0000	27
		_pwd_Timer3    		CODE           	4316	0000	133

main.c estimated size: 4599

C:\Program Files (x86)\Microchip\xc8\v1.45\sources\common\sprcmul.c
		___flmul       		CODE           	2670	0000	1135

C:\Program Files (x86)\Microchip\xc8\v1.45\sources\common\sprcmul.c estimated size: 1135

